  Determinando os projetos a serem restaurados...
  Todos os projetos est├úo atualizados para restaura├º├úo.
  CompraProgramada.Domain -> C:\Users\felip\teste-itau\src\CompraProgramada.Domain\bin\Debug\net8.0\CompraProgramada.Domain.dll
  CompraProgramada.Application -> C:\Users\felip\teste-itau\src\CompraProgramada.Application\bin\Debug\net8.0\CompraProgramada.Application.dll
  CompraProgramada.Infrastructure -> C:\Users\felip\teste-itau\src\CompraProgramada.Infrastructure\bin\Debug\net8.0\CompraProgramada.Infrastructure.dll
C:\Program Files\dotnet\sdk\8.0.418\Microsoft.Common.CurrentVersion.targets(5034,5): warning MSB3026: n├úo foi poss├¡vel copiar "C:\Users\felip\teste-itau\src\CompraProgramada.Application\bin\Debug\net8.0\CompraProgramada.Application.dll" para "bin\Debug\net8.0\CompraProgramada.Application.dll". Iniciando nova tentativa 1 em 1000ms. The process cannot access the file 'C:\Users\felip\teste-itau\src\CompraProgramada.Api\bin\Debug\net8.0\CompraProgramada.Application.dll' because it is being used by another process. O arquivo ├® bloqueado por: "CompraProgramada.Api (22144)" [C:\Users\felip\teste-itau\src\CompraProgramada.Api\CompraProgramada.Api.csproj]
C:\Program Files\dotnet\sdk\8.0.418\Microsoft.Common.CurrentVersion.targets(5034,5): warning MSB3026: n├úo foi poss├¡vel copiar "C:\Users\felip\teste-itau\src\CompraProgramada.Infrastructure\bin\Debug\net8.0\CompraProgramada.Infrastructure.dll" para "bin\Debug\net8.0\CompraProgramada.Infrastructure.dll". Iniciando nova tentativa 1 em 1000ms. The process cannot access the file 'C:\Users\felip\teste-itau\src\CompraProgramada.Api\bin\Debug\net8.0\CompraProgramada.Infrastructure.dll' because it is being used by another process. O arquivo ├® bloqueado por: "CompraProgramada.Api (22144)" [C:\Users\felip\teste-itau\src\CompraProgramada.Api\CompraProgramada.Api.csproj]
C:\Program Files\dotnet\sdk\8.0.418\Microsoft.Common.CurrentVersion.targets(5034,5): warning MSB3026: n├úo foi poss├¡vel copiar "C:\Users\felip\teste-itau\src\CompraProgramada.Application\bin\Debug\net8.0\CompraProgramada.Application.dll" para "bin\Debug\net8.0\CompraProgramada.Application.dll". Iniciando nova tentativa 2 em 1000ms. The process cannot access the file 'C:\Users\felip\teste-itau\src\CompraProgramada.Api\bin\Debug\net8.0\CompraProgramada.Application.dll' because it is being used by another process. O arquivo ├® bloqueado por: "CompraProgramada.Api (22144)" [C:\Users\felip\teste-itau\src\CompraProgramada.Api\CompraProgramada.Api.csproj]
C:\Program Files\dotnet\sdk\8.0.418\Microsoft.Common.CurrentVersion.targets(5034,5): warning MSB3026: n├úo foi poss├¡vel copiar "C:\Users\felip\teste-itau\src\CompraProgramada.Infrastructure\bin\Debug\net8.0\CompraProgramada.Infrastructure.dll" para "bin\Debug\net8.0\CompraProgramada.Infrastructure.dll". Iniciando nova tentativa 2 em 1000ms. The process cannot access the file 'C:\Users\felip\teste-itau\src\CompraProgramada.Api\bin\Debug\net8.0\CompraProgramada.Infrastructure.dll' because it is being used by another process. O arquivo ├® bloqueado por: "CompraProgramada.Api (22144)" [C:\Users\felip\teste-itau\src\CompraProgramada.Api\CompraProgramada.Api.csproj]
C:\Program Files\dotnet\sdk\8.0.418\Microsoft.Common.CurrentVersion.targets(5034,5): warning MSB3026: n├úo foi poss├¡vel copiar "C:\Users\felip\teste-itau\src\CompraProgramada.Application\bin\Debug\net8.0\CompraProgramada.Application.dll" para "bin\Debug\net8.0\CompraProgramada.Application.dll". Iniciando nova tentativa 3 em 1000ms. The process cannot access the file 'C:\Users\felip\teste-itau\src\CompraProgramada.Api\bin\Debug\net8.0\CompraProgramada.Application.dll' because it is being used by another process. O arquivo ├® bloqueado por: "CompraProgramada.Api (22144)" [C:\Users\felip\teste-itau\src\CompraProgramada.Api\CompraProgramada.Api.csproj]
C:\Program Files\dotnet\sdk\8.0.418\Microsoft.Common.CurrentVersion.targets(5034,5): warning MSB3026: n├úo foi poss├¡vel copiar "C:\Users\felip\teste-itau\src\CompraProgramada.Infrastructure\bin\Debug\net8.0\CompraProgramada.Infrastructure.dll" para "bin\Debug\net8.0\CompraProgramada.Infrastructure.dll". Iniciando nova tentativa 3 em 1000ms. The process cannot access the file 'C:\Users\felip\teste-itau\src\CompraProgramada.Api\bin\Debug\net8.0\CompraProgramada.Infrastructure.dll' because it is being used by another process. O arquivo ├® bloqueado por: "CompraProgramada.Api (22144)" [C:\Users\felip\teste-itau\src\CompraProgramada.Api\CompraProgramada.Api.csproj]
C:\Program Files\dotnet\sdk\8.0.418\Microsoft.Common.CurrentVersion.targets(5034,5): warning MSB3026: n├úo foi poss├¡vel copiar "C:\Users\felip\teste-itau\src\CompraProgramada.Infrastructure\bin\Debug\net8.0\CompraProgramada.Infrastructure.dll" para "bin\Debug\net8.0\CompraProgramada.Infrastructure.dll". Iniciando nova tentativa 4 em 1000ms. The process cannot access the file 'C:\Users\felip\teste-itau\src\CompraProgramada.Api\bin\Debug\net8.0\CompraProgramada.Infrastructure.dll' because it is being used by another process. O arquivo ├® bloqueado por: "CompraProgramada.Api (22144)" [C:\Users\felip\teste-itau\src\CompraProgramada.Api\CompraProgramada.Api.csproj]
C:\Program Files\dotnet\sdk\8.0.418\Microsoft.Common.CurrentVersion.targets(5034,5): warning MSB3026: n├úo foi poss├¡vel copiar "C:\Users\felip\teste-itau\src\CompraProgramada.Application\bin\Debug\net8.0\CompraProgramada.Application.dll" para "bin\Debug\net8.0\CompraProgramada.Application.dll". Iniciando nova tentativa 4 em 1000ms. The process cannot access the file 'C:\Users\felip\teste-itau\src\CompraProgramada.Api\bin\Debug\net8.0\CompraProgramada.Application.dll' because it is being used by another process. O arquivo ├® bloqueado por: "CompraProgramada.Api (22144)" [C:\Users\felip\teste-itau\src\CompraProgramada.Api\CompraProgramada.Api.csproj]
C:\Program Files\dotnet\sdk\8.0.418\Microsoft.Common.CurrentVersion.targets(5034,5): warning MSB3026: n├úo foi poss├¡vel copiar "C:\Users\felip\teste-itau\src\CompraProgramada.Application\bin\Debug\net8.0\CompraProgramada.Application.dll" para "bin\Debug\net8.0\CompraProgramada.Application.dll". Iniciando nova tentativa 5 em 1000ms. The process cannot access the file 'C:\Users\felip\teste-itau\src\CompraProgramada.Api\bin\Debug\net8.0\CompraProgramada.Application.dll' because it is being used by another process. O arquivo ├® bloqueado por: "CompraProgramada.Api (22144)" [C:\Users\felip\teste-itau\src\CompraProgramada.Api\CompraProgramada.Api.csproj]
C:\Program Files\dotnet\sdk\8.0.418\Microsoft.Common.CurrentVersion.targets(5034,5): warning MSB3026: n├úo foi poss├¡vel copiar "C:\Users\felip\teste-itau\src\CompraProgramada.Infrastructure\bin\Debug\net8.0\CompraProgramada.Infrastructure.dll" para "bin\Debug\net8.0\CompraProgramada.Infrastructure.dll". Iniciando nova tentativa 5 em 1000ms. The process cannot access the file 'C:\Users\felip\teste-itau\src\CompraProgramada.Api\bin\Debug\net8.0\CompraProgramada.Infrastructure.dll' because it is being used by another process. O arquivo ├® bloqueado por: "CompraProgramada.Api (22144)" [C:\Users\felip\teste-itau\src\CompraProgramada.Api\CompraProgramada.Api.csproj]
C:\Program Files\dotnet\sdk\8.0.418\Microsoft.Common.CurrentVersion.targets(5034,5): warning MSB3026: n├úo foi poss├¡vel copiar "C:\Users\felip\teste-itau\src\CompraProgramada.Application\bin\Debug\net8.0\CompraProgramada.Application.dll" para "bin\Debug\net8.0\CompraProgramada.Application.dll". Iniciando nova tentativa 6 em 1000ms. The process cannot access the file 'C:\Users\felip\teste-itau\src\CompraProgramada.Api\bin\Debug\net8.0\CompraProgramada.Application.dll' because it is being used by another process. O arquivo ├® bloqueado por: "CompraProgramada.Api (22144)" [C:\Users\felip\teste-itau\src\CompraProgramada.Api\CompraProgramada.Api.csproj]
C:\Program Files\dotnet\sdk\8.0.418\Microsoft.Common.CurrentVersion.targets(5034,5): warning MSB3026: n├úo foi poss├¡vel copiar "C:\Users\felip\teste-itau\src\CompraProgramada.Infrastructure\bin\Debug\net8.0\CompraProgramada.Infrastructure.dll" para "bin\Debug\net8.0\CompraProgramada.Infrastructure.dll". Iniciando nova tentativa 6 em 1000ms. The process cannot access the file 'C:\Users\felip\teste-itau\src\CompraProgramada.Api\bin\Debug\net8.0\CompraProgramada.Infrastructure.dll' because it is being used by another process. O arquivo ├® bloqueado por: "CompraProgramada.Api (22144)" [C:\Users\felip\teste-itau\src\CompraProgramada.Api\CompraProgramada.Api.csproj]
C:\Program Files\dotnet\sdk\8.0.418\Microsoft.Common.CurrentVersion.targets(5034,5): warning MSB3026: n├úo foi poss├¡vel copiar "C:\Users\felip\teste-itau\src\CompraProgramada.Application\bin\Debug\net8.0\CompraProgramada.Application.dll" para "bin\Debug\net8.0\CompraProgramada.Application.dll". Iniciando nova tentativa 7 em 1000ms. The process cannot access the file 'C:\Users\felip\teste-itau\src\CompraProgramada.Api\bin\Debug\net8.0\CompraProgramada.Application.dll' because it is being used by another process. O arquivo ├® bloqueado por: "CompraProgramada.Api (22144)" [C:\Users\felip\teste-itau\src\CompraProgramada.Api\CompraProgramada.Api.csproj]
C:\Program Files\dotnet\sdk\8.0.418\Microsoft.Common.CurrentVersion.targets(5034,5): warning MSB3026: n├úo foi poss├¡vel copiar "C:\Users\felip\teste-itau\src\CompraProgramada.Infrastructure\bin\Debug\net8.0\CompraProgramada.Infrastructure.dll" para "bin\Debug\net8.0\CompraProgramada.Infrastructure.dll". Iniciando nova tentativa 7 em 1000ms. The process cannot access the file 'C:\Users\felip\teste-itau\src\CompraProgramada.Api\bin\Debug\net8.0\CompraProgramada.Infrastructure.dll' because it is being used by another process. O arquivo ├® bloqueado por: "CompraProgramada.Api (22144)" [C:\Users\felip\teste-itau\src\CompraProgramada.Api\CompraProgramada.Api.csproj]
C:\Program Files\dotnet\sdk\8.0.418\Microsoft.Common.CurrentVersion.targets(5034,5): warning MSB3026: n├úo foi poss├¡vel copiar "C:\Users\felip\teste-itau\src\CompraProgramada.Infrastructure\bin\Debug\net8.0\CompraProgramada.Infrastructure.dll" para "bin\Debug\net8.0\CompraProgramada.Infrastructure.dll". Iniciando nova tentativa 8 em 1000ms. The process cannot access the file 'C:\Users\felip\teste-itau\src\CompraProgramada.Api\bin\Debug\net8.0\CompraProgramada.Infrastructure.dll' because it is being used by another process. O arquivo ├® bloqueado por: "CompraProgramada.Api (22144)" [C:\Users\felip\teste-itau\src\CompraProgramada.Api\CompraProgramada.Api.csproj]
C:\Program Files\dotnet\sdk\8.0.418\Microsoft.Common.CurrentVersion.targets(5034,5): warning MSB3026: n├úo foi poss├¡vel copiar "C:\Users\felip\teste-itau\src\CompraProgramada.Application\bin\Debug\net8.0\CompraProgramada.Application.dll" para "bin\Debug\net8.0\CompraProgramada.Application.dll". Iniciando nova tentativa 8 em 1000ms. The process cannot access the file 'C:\Users\felip\teste-itau\src\CompraProgramada.Api\bin\Debug\net8.0\CompraProgramada.Application.dll' because it is being used by another process. O arquivo ├® bloqueado por: "CompraProgramada.Api (22144)" [C:\Users\felip\teste-itau\src\CompraProgramada.Api\CompraProgramada.Api.csproj]
C:\Program Files\dotnet\sdk\8.0.418\Microsoft.Common.CurrentVersion.targets(5034,5): warning MSB3026: n├úo foi poss├¡vel copiar "C:\Users\felip\teste-itau\src\CompraProgramada.Infrastructure\bin\Debug\net8.0\CompraProgramada.Infrastructure.dll" para "bin\Debug\net8.0\CompraProgramada.Infrastructure.dll". Iniciando nova tentativa 9 em 1000ms. The process cannot access the file 'C:\Users\felip\teste-itau\src\CompraProgramada.Api\bin\Debug\net8.0\CompraProgramada.Infrastructure.dll' because it is being used by another process. O arquivo ├® bloqueado por: "CompraProgramada.Api (22144)" [C:\Users\felip\teste-itau\src\CompraProgramada.Api\CompraProgramada.Api.csproj]
C:\Program Files\dotnet\sdk\8.0.418\Microsoft.Common.CurrentVersion.targets(5034,5): warning MSB3026: n├úo foi poss├¡vel copiar "C:\Users\felip\teste-itau\src\CompraProgramada.Application\bin\Debug\net8.0\CompraProgramada.Application.dll" para "bin\Debug\net8.0\CompraProgramada.Application.dll". Iniciando nova tentativa 9 em 1000ms. The process cannot access the file 'C:\Users\felip\teste-itau\src\CompraProgramada.Api\bin\Debug\net8.0\CompraProgramada.Application.dll' because it is being used by another process. O arquivo ├® bloqueado por: "CompraProgramada.Api (22144)" [C:\Users\felip\teste-itau\src\CompraProgramada.Api\CompraProgramada.Api.csproj]
C:\Program Files\dotnet\sdk\8.0.418\Microsoft.Common.CurrentVersion.targets(5034,5): warning MSB3026: n├úo foi poss├¡vel copiar "C:\Users\felip\teste-itau\src\CompraProgramada.Application\bin\Debug\net8.0\CompraProgramada.Application.dll" para "bin\Debug\net8.0\CompraProgramada.Application.dll". Iniciando nova tentativa 10 em 1000ms. The process cannot access the file 'C:\Users\felip\teste-itau\src\CompraProgramada.Api\bin\Debug\net8.0\CompraProgramada.Application.dll' because it is being used by another process. O arquivo ├® bloqueado por: "CompraProgramada.Api (22144)" [C:\Users\felip\teste-itau\src\CompraProgramada.Api\CompraProgramada.Api.csproj]
C:\Program Files\dotnet\sdk\8.0.418\Microsoft.Common.CurrentVersion.targets(5034,5): warning MSB3026: n├úo foi poss├¡vel copiar "C:\Users\felip\teste-itau\src\CompraProgramada.Infrastructure\bin\Debug\net8.0\CompraProgramada.Infrastructure.dll" para "bin\Debug\net8.0\CompraProgramada.Infrastructure.dll". Iniciando nova tentativa 10 em 1000ms. The process cannot access the file 'C:\Users\felip\teste-itau\src\CompraProgramada.Api\bin\Debug\net8.0\CompraProgramada.Infrastructure.dll' because it is being used by another process. O arquivo ├® bloqueado por: "CompraProgramada.Api (22144)" [C:\Users\felip\teste-itau\src\CompraProgramada.Api\CompraProgramada.Api.csproj]
C:\Program Files\dotnet\sdk\8.0.418\Microsoft.Common.CurrentVersion.targets(5034,5): error MSB3027: n├úo foi poss├¡vel copiar "C:\Users\felip\teste-itau\src\CompraProgramada.Infrastructure\bin\Debug\net8.0\CompraProgramada.Infrastructure.dll" para "bin\Debug\net8.0\CompraProgramada.Infrastructure.dll". N├║mero de novas tentativas 10 excedido. Falha. O arquivo ├® bloqueado por: "CompraProgramada.Api (22144)" [C:\Users\felip\teste-itau\src\CompraProgramada.Api\CompraProgramada.Api.csproj]
C:\Program Files\dotnet\sdk\8.0.418\Microsoft.Common.CurrentVersion.targets(5034,5): error MSB3021: N├úo ├® poss├¡vel copiar o arquivo "C:\Users\felip\teste-itau\src\CompraProgramada.Infrastructure\bin\Debug\net8.0\CompraProgramada.Infrastructure.dll" para "bin\Debug\net8.0\CompraProgramada.Infrastructure.dll". The process cannot access the file 'C:\Users\felip\teste-itau\src\CompraProgramada.Api\bin\Debug\net8.0\CompraProgramada.Infrastructure.dll' because it is being used by another process. [C:\Users\felip\teste-itau\src\CompraProgramada.Api\CompraProgramada.Api.csproj]
C:\Program Files\dotnet\sdk\8.0.418\Microsoft.Common.CurrentVersion.targets(5034,5): error MSB3027: n├úo foi poss├¡vel copiar "C:\Users\felip\teste-itau\src\CompraProgramada.Application\bin\Debug\net8.0\CompraProgramada.Application.dll" para "bin\Debug\net8.0\CompraProgramada.Application.dll". N├║mero de novas tentativas 10 excedido. Falha. O arquivo ├® bloqueado por: "CompraProgramada.Api (22144)" [C:\Users\felip\teste-itau\src\CompraProgramada.Api\CompraProgramada.Api.csproj]
C:\Program Files\dotnet\sdk\8.0.418\Microsoft.Common.CurrentVersion.targets(5034,5): error MSB3021: N├úo ├® poss├¡vel copiar o arquivo "C:\Users\felip\teste-itau\src\CompraProgramada.Application\bin\Debug\net8.0\CompraProgramada.Application.dll" para "bin\Debug\net8.0\CompraProgramada.Application.dll". The process cannot access the file 'C:\Users\felip\teste-itau\src\CompraProgramada.Api\bin\Debug\net8.0\CompraProgramada.Application.dll' because it is being used by another process. [C:\Users\felip\teste-itau\src\CompraProgramada.Api\CompraProgramada.Api.csproj]

FALHA da compila├º├úo.

C:\Program Files\dotnet\sdk\8.0.418\Microsoft.Common.CurrentVersion.targets(5034,5): warning MSB3026: n├úo foi poss├¡vel copiar "C:\Users\felip\teste-itau\src\CompraProgramada.Application\bin\Debug\net8.0\CompraProgramada.Application.dll" para "bin\Debug\net8.0\CompraProgramada.Application.dll". Iniciando nova tentativa 1 em 1000ms. The process cannot access the file 'C:\Users\felip\teste-itau\src\CompraProgramada.Api\bin\Debug\net8.0\CompraProgramada.Application.dll' because it is being used by another process. O arquivo ├® bloqueado por: "CompraProgramada.Api (22144)" [C:\Users\felip\teste-itau\src\CompraProgramada.Api\CompraProgramada.Api.csproj]
C:\Program Files\dotnet\sdk\8.0.418\Microsoft.Common.CurrentVersion.targets(5034,5): warning MSB3026: n├úo foi poss├¡vel copiar "C:\Users\felip\teste-itau\src\CompraProgramada.Infrastructure\bin\Debug\net8.0\CompraProgramada.Infrastructure.dll" para "bin\Debug\net8.0\CompraProgramada.Infrastructure.dll". Iniciando nova tentativa 1 em 1000ms. The process cannot access the file 'C:\Users\felip\teste-itau\src\CompraProgramada.Api\bin\Debug\net8.0\CompraProgramada.Infrastructure.dll' because it is being used by another process. O arquivo ├® bloqueado por: "CompraProgramada.Api (22144)" [C:\Users\felip\teste-itau\src\CompraProgramada.Api\CompraProgramada.Api.csproj]
C:\Program Files\dotnet\sdk\8.0.418\Microsoft.Common.CurrentVersion.targets(5034,5): warning MSB3026: n├úo foi poss├¡vel copiar "C:\Users\felip\teste-itau\src\CompraProgramada.Application\bin\Debug\net8.0\CompraProgramada.Application.dll" para "bin\Debug\net8.0\CompraProgramada.Application.dll". Iniciando nova tentativa 2 em 1000ms. The process cannot access the file 'C:\Users\felip\teste-itau\src\CompraProgramada.Api\bin\Debug\net8.0\CompraProgramada.Application.dll' because it is being used by another process. O arquivo ├® bloqueado por: "CompraProgramada.Api (22144)" [C:\Users\felip\teste-itau\src\CompraProgramada.Api\CompraProgramada.Api.csproj]
C:\Program Files\dotnet\sdk\8.0.418\Microsoft.Common.CurrentVersion.targets(5034,5): warning MSB3026: n├úo foi poss├¡vel copiar "C:\Users\felip\teste-itau\src\CompraProgramada.Infrastructure\bin\Debug\net8.0\CompraProgramada.Infrastructure.dll" para "bin\Debug\net8.0\CompraProgramada.Infrastructure.dll". Iniciando nova tentativa 2 em 1000ms. The process cannot access the file 'C:\Users\felip\teste-itau\src\CompraProgramada.Api\bin\Debug\net8.0\CompraProgramada.Infrastructure.dll' because it is being used by another process. O arquivo ├® bloqueado por: "CompraProgramada.Api (22144)" [C:\Users\felip\teste-itau\src\CompraProgramada.Api\CompraProgramada.Api.csproj]
C:\Program Files\dotnet\sdk\8.0.418\Microsoft.Common.CurrentVersion.targets(5034,5): warning MSB3026: n├úo foi poss├¡vel copiar "C:\Users\felip\teste-itau\src\CompraProgramada.Application\bin\Debug\net8.0\CompraProgramada.Application.dll" para "bin\Debug\net8.0\CompraProgramada.Application.dll". Iniciando nova tentativa 3 em 1000ms. The process cannot access the file 'C:\Users\felip\teste-itau\src\CompraProgramada.Api\bin\Debug\net8.0\CompraProgramada.Application.dll' because it is being used by another process. O arquivo ├® bloqueado por: "CompraProgramada.Api (22144)" [C:\Users\felip\teste-itau\src\CompraProgramada.Api\CompraProgramada.Api.csproj]
C:\Program Files\dotnet\sdk\8.0.418\Microsoft.Common.CurrentVersion.targets(5034,5): warning MSB3026: n├úo foi poss├¡vel copiar "C:\Users\felip\teste-itau\src\CompraProgramada.Infrastructure\bin\Debug\net8.0\CompraProgramada.Infrastructure.dll" para "bin\Debug\net8.0\CompraProgramada.Infrastructure.dll". Iniciando nova tentativa 3 em 1000ms. The process cannot access the file 'C:\Users\felip\teste-itau\src\CompraProgramada.Api\bin\Debug\net8.0\CompraProgramada.Infrastructure.dll' because it is being used by another process. O arquivo ├® bloqueado por: "CompraProgramada.Api (22144)" [C:\Users\felip\teste-itau\src\CompraProgramada.Api\CompraProgramada.Api.csproj]
C:\Program Files\dotnet\sdk\8.0.418\Microsoft.Common.CurrentVersion.targets(5034,5): warning MSB3026: n├úo foi poss├¡vel copiar "C:\Users\felip\teste-itau\src\CompraProgramada.Infrastructure\bin\Debug\net8.0\CompraProgramada.Infrastructure.dll" para "bin\Debug\net8.0\CompraProgramada.Infrastructure.dll". Iniciando nova tentativa 4 em 1000ms. The process cannot access the file 'C:\Users\felip\teste-itau\src\CompraProgramada.Api\bin\Debug\net8.0\CompraProgramada.Infrastructure.dll' because it is being used by another process. O arquivo ├® bloqueado por: "CompraProgramada.Api (22144)" [C:\Users\felip\teste-itau\src\CompraProgramada.Api\CompraProgramada.Api.csproj]
C:\Program Files\dotnet\sdk\8.0.418\Microsoft.Common.CurrentVersion.targets(5034,5): warning MSB3026: n├úo foi poss├¡vel copiar "C:\Users\felip\teste-itau\src\CompraProgramada.Application\bin\Debug\net8.0\CompraProgramada.Application.dll" para "bin\Debug\net8.0\CompraProgramada.Application.dll". Iniciando nova tentativa 4 em 1000ms. The process cannot access the file 'C:\Users\felip\teste-itau\src\CompraProgramada.Api\bin\Debug\net8.0\CompraProgramada.Application.dll' because it is being used by another process. O arquivo ├® bloqueado por: "CompraProgramada.Api (22144)" [C:\Users\felip\teste-itau\src\CompraProgramada.Api\CompraProgramada.Api.csproj]
C:\Program Files\dotnet\sdk\8.0.418\Microsoft.Common.CurrentVersion.targets(5034,5): warning MSB3026: n├úo foi poss├¡vel copiar "C:\Users\felip\teste-itau\src\CompraProgramada.Application\bin\Debug\net8.0\CompraProgramada.Application.dll" para "bin\Debug\net8.0\CompraProgramada.Application.dll". Iniciando nova tentativa 5 em 1000ms. The process cannot access the file 'C:\Users\felip\teste-itau\src\CompraProgramada.Api\bin\Debug\net8.0\CompraProgramada.Application.dll' because it is being used by another process. O arquivo ├® bloqueado por: "CompraProgramada.Api (22144)" [C:\Users\felip\teste-itau\src\CompraProgramada.Api\CompraProgramada.Api.csproj]
C:\Program Files\dotnet\sdk\8.0.418\Microsoft.Common.CurrentVersion.targets(5034,5): warning MSB3026: n├úo foi poss├¡vel copiar "C:\Users\felip\teste-itau\src\CompraProgramada.Infrastructure\bin\Debug\net8.0\CompraProgramada.Infrastructure.dll" para "bin\Debug\net8.0\CompraProgramada.Infrastructure.dll". Iniciando nova tentativa 5 em 1000ms. The process cannot access the file 'C:\Users\felip\teste-itau\src\CompraProgramada.Api\bin\Debug\net8.0\CompraProgramada.Infrastructure.dll' because it is being used by another process. O arquivo ├® bloqueado por: "CompraProgramada.Api (22144)" [C:\Users\felip\teste-itau\src\CompraProgramada.Api\CompraProgramada.Api.csproj]
C:\Program Files\dotnet\sdk\8.0.418\Microsoft.Common.CurrentVersion.targets(5034,5): warning MSB3026: n├úo foi poss├¡vel copiar "C:\Users\felip\teste-itau\src\CompraProgramada.Application\bin\Debug\net8.0\CompraProgramada.Application.dll" para "bin\Debug\net8.0\CompraProgramada.Application.dll". Iniciando nova tentativa 6 em 1000ms. The process cannot access the file 'C:\Users\felip\teste-itau\src\CompraProgramada.Api\bin\Debug\net8.0\CompraProgramada.Application.dll' because it is being used by another process. O arquivo ├® bloqueado por: "CompraProgramada.Api (22144)" [C:\Users\felip\teste-itau\src\CompraProgramada.Api\CompraProgramada.Api.csproj]
C:\Program Files\dotnet\sdk\8.0.418\Microsoft.Common.CurrentVersion.targets(5034,5): warning MSB3026: n├úo foi poss├¡vel copiar "C:\Users\felip\teste-itau\src\CompraProgramada.Infrastructure\bin\Debug\net8.0\CompraProgramada.Infrastructure.dll" para "bin\Debug\net8.0\CompraProgramada.Infrastructure.dll". Iniciando nova tentativa 6 em 1000ms. The process cannot access the file 'C:\Users\felip\teste-itau\src\CompraProgramada.Api\bin\Debug\net8.0\CompraProgramada.Infrastructure.dll' because it is being used by another process. O arquivo ├® bloqueado por: "CompraProgramada.Api (22144)" [C:\Users\felip\teste-itau\src\CompraProgramada.Api\CompraProgramada.Api.csproj]
C:\Program Files\dotnet\sdk\8.0.418\Microsoft.Common.CurrentVersion.targets(5034,5): warning MSB3026: n├úo foi poss├¡vel copiar "C:\Users\felip\teste-itau\src\CompraProgramada.Application\bin\Debug\net8.0\CompraProgramada.Application.dll" para "bin\Debug\net8.0\CompraProgramada.Application.dll". Iniciando nova tentativa 7 em 1000ms. The process cannot access the file 'C:\Users\felip\teste-itau\src\CompraProgramada.Api\bin\Debug\net8.0\CompraProgramada.Application.dll' because it is being used by another process. O arquivo ├® bloqueado por: "CompraProgramada.Api (22144)" [C:\Users\felip\teste-itau\src\CompraProgramada.Api\CompraProgramada.Api.csproj]
C:\Program Files\dotnet\sdk\8.0.418\Microsoft.Common.CurrentVersion.targets(5034,5): warning MSB3026: n├úo foi poss├¡vel copiar "C:\Users\felip\teste-itau\src\CompraProgramada.Infrastructure\bin\Debug\net8.0\CompraProgramada.Infrastructure.dll" para "bin\Debug\net8.0\CompraProgramada.Infrastructure.dll". Iniciando nova tentativa 7 em 1000ms. The process cannot access the file 'C:\Users\felip\teste-itau\src\CompraProgramada.Api\bin\Debug\net8.0\CompraProgramada.Infrastructure.dll' because it is being used by another process. O arquivo ├® bloqueado por: "CompraProgramada.Api (22144)" [C:\Users\felip\teste-itau\src\CompraProgramada.Api\CompraProgramada.Api.csproj]
C:\Program Files\dotnet\sdk\8.0.418\Microsoft.Common.CurrentVersion.targets(5034,5): warning MSB3026: n├úo foi poss├¡vel copiar "C:\Users\felip\teste-itau\src\CompraProgramada.Infrastructure\bin\Debug\net8.0\CompraProgramada.Infrastructure.dll" para "bin\Debug\net8.0\CompraProgramada.Infrastructure.dll". Iniciando nova tentativa 8 em 1000ms. The process cannot access the file 'C:\Users\felip\teste-itau\src\CompraProgramada.Api\bin\Debug\net8.0\CompraProgramada.Infrastructure.dll' because it is being used by another process. O arquivo ├® bloqueado por: "CompraProgramada.Api (22144)" [C:\Users\felip\teste-itau\src\CompraProgramada.Api\CompraProgramada.Api.csproj]
C:\Program Files\dotnet\sdk\8.0.418\Microsoft.Common.CurrentVersion.targets(5034,5): warning MSB3026: n├úo foi poss├¡vel copiar "C:\Users\felip\teste-itau\src\CompraProgramada.Application\bin\Debug\net8.0\CompraProgramada.Application.dll" para "bin\Debug\net8.0\CompraProgramada.Application.dll". Iniciando nova tentativa 8 em 1000ms. The process cannot access the file 'C:\Users\felip\teste-itau\src\CompraProgramada.Api\bin\Debug\net8.0\CompraProgramada.Application.dll' because it is being used by another process. O arquivo ├® bloqueado por: "CompraProgramada.Api (22144)" [C:\Users\felip\teste-itau\src\CompraProgramada.Api\CompraProgramada.Api.csproj]
C:\Program Files\dotnet\sdk\8.0.418\Microsoft.Common.CurrentVersion.targets(5034,5): warning MSB3026: n├úo foi poss├¡vel copiar "C:\Users\felip\teste-itau\src\CompraProgramada.Infrastructure\bin\Debug\net8.0\CompraProgramada.Infrastructure.dll" para "bin\Debug\net8.0\CompraProgramada.Infrastructure.dll". Iniciando nova tentativa 9 em 1000ms. The process cannot access the file 'C:\Users\felip\teste-itau\src\CompraProgramada.Api\bin\Debug\net8.0\CompraProgramada.Infrastructure.dll' because it is being used by another process. O arquivo ├® bloqueado por: "CompraProgramada.Api (22144)" [C:\Users\felip\teste-itau\src\CompraProgramada.Api\CompraProgramada.Api.csproj]
C:\Program Files\dotnet\sdk\8.0.418\Microsoft.Common.CurrentVersion.targets(5034,5): warning MSB3026: n├úo foi poss├¡vel copiar "C:\Users\felip\teste-itau\src\CompraProgramada.Application\bin\Debug\net8.0\CompraProgramada.Application.dll" para "bin\Debug\net8.0\CompraProgramada.Application.dll". Iniciando nova tentativa 9 em 1000ms. The process cannot access the file 'C:\Users\felip\teste-itau\src\CompraProgramada.Api\bin\Debug\net8.0\CompraProgramada.Application.dll' because it is being used by another process. O arquivo ├® bloqueado por: "CompraProgramada.Api (22144)" [C:\Users\felip\teste-itau\src\CompraProgramada.Api\CompraProgramada.Api.csproj]
C:\Program Files\dotnet\sdk\8.0.418\Microsoft.Common.CurrentVersion.targets(5034,5): warning MSB3026: n├úo foi poss├¡vel copiar "C:\Users\felip\teste-itau\src\CompraProgramada.Application\bin\Debug\net8.0\CompraProgramada.Application.dll" para "bin\Debug\net8.0\CompraProgramada.Application.dll". Iniciando nova tentativa 10 em 1000ms. The process cannot access the file 'C:\Users\felip\teste-itau\src\CompraProgramada.Api\bin\Debug\net8.0\CompraProgramada.Application.dll' because it is being used by another process. O arquivo ├® bloqueado por: "CompraProgramada.Api (22144)" [C:\Users\felip\teste-itau\src\CompraProgramada.Api\CompraProgramada.Api.csproj]
C:\Program Files\dotnet\sdk\8.0.418\Microsoft.Common.CurrentVersion.targets(5034,5): warning MSB3026: n├úo foi poss├¡vel copiar "C:\Users\felip\teste-itau\src\CompraProgramada.Infrastructure\bin\Debug\net8.0\CompraProgramada.Infrastructure.dll" para "bin\Debug\net8.0\CompraProgramada.Infrastructure.dll". Iniciando nova tentativa 10 em 1000ms. The process cannot access the file 'C:\Users\felip\teste-itau\src\CompraProgramada.Api\bin\Debug\net8.0\CompraProgramada.Infrastructure.dll' because it is being used by another process. O arquivo ├® bloqueado por: "CompraProgramada.Api (22144)" [C:\Users\felip\teste-itau\src\CompraProgramada.Api\CompraProgramada.Api.csproj]
C:\Program Files\dotnet\sdk\8.0.418\Microsoft.Common.CurrentVersion.targets(5034,5): error MSB3027: n├úo foi poss├¡vel copiar "C:\Users\felip\teste-itau\src\CompraProgramada.Infrastructure\bin\Debug\net8.0\CompraProgramada.Infrastructure.dll" para "bin\Debug\net8.0\CompraProgramada.Infrastructure.dll". N├║mero de novas tentativas 10 excedido. Falha. O arquivo ├® bloqueado por: "CompraProgramada.Api (22144)" [C:\Users\felip\teste-itau\src\CompraProgramada.Api\CompraProgramada.Api.csproj]
C:\Program Files\dotnet\sdk\8.0.418\Microsoft.Common.CurrentVersion.targets(5034,5): error MSB3021: N├úo ├® poss├¡vel copiar o arquivo "C:\Users\felip\teste-itau\src\CompraProgramada.Infrastructure\bin\Debug\net8.0\CompraProgramada.Infrastructure.dll" para "bin\Debug\net8.0\CompraProgramada.Infrastructure.dll". The process cannot access the file 'C:\Users\felip\teste-itau\src\CompraProgramada.Api\bin\Debug\net8.0\CompraProgramada.Infrastructure.dll' because it is being used by another process. [C:\Users\felip\teste-itau\src\CompraProgramada.Api\CompraProgramada.Api.csproj]
C:\Program Files\dotnet\sdk\8.0.418\Microsoft.Common.CurrentVersion.targets(5034,5): error MSB3027: n├úo foi poss├¡vel copiar "C:\Users\felip\teste-itau\src\CompraProgramada.Application\bin\Debug\net8.0\CompraProgramada.Application.dll" para "bin\Debug\net8.0\CompraProgramada.Application.dll". N├║mero de novas tentativas 10 excedido. Falha. O arquivo ├® bloqueado por: "CompraProgramada.Api (22144)" [C:\Users\felip\teste-itau\src\CompraProgramada.Api\CompraProgramada.Api.csproj]
C:\Program Files\dotnet\sdk\8.0.418\Microsoft.Common.CurrentVersion.targets(5034,5): error MSB3021: N├úo ├® poss├¡vel copiar o arquivo "C:\Users\felip\teste-itau\src\CompraProgramada.Application\bin\Debug\net8.0\CompraProgramada.Application.dll" para "bin\Debug\net8.0\CompraProgramada.Application.dll". The process cannot access the file 'C:\Users\felip\teste-itau\src\CompraProgramada.Api\bin\Debug\net8.0\CompraProgramada.Application.dll' because it is being used by another process. [C:\Users\felip\teste-itau\src\CompraProgramada.Api\CompraProgramada.Api.csproj]
    20 Aviso(s)
    4 Erro(s)

Tempo Decorrido 00:00:13.73
