﻿  Determinando os projetos a serem restaurados...
  Todos os projetos est├úo atualizados para restaura├º├úo.
  CompraProgramada.Domain -> C:\Users\felip\teste-itau\src\CompraProgramada.Domain\bin\Debug\net8.0\CompraProgramada.Domain.dll
  CompraProgramada.Application -> C:\Users\felip\teste-itau\src\CompraProgramada.Application\bin\Debug\net8.0\CompraProgramada.Application.dll
  CompraProgramada.Infrastructure -> C:\Users\felip\teste-itau\src\CompraProgramada.Infrastructure\bin\Debug\net8.0\CompraProgramada.Infrastructure.dll
  CompraProgramada.Api -> C:\Users\felip\teste-itau\src\CompraProgramada.Api\bin\Debug\net8.0\CompraProgramada.Api.dll
C:\Program Files\dotnet\sdk\8.0.418\Microsoft.Common.CurrentVersion.targets(2412,5): warning MSB3277: foram encontrados conflitos entre diferentes vers├Áes do "Microsoft.EntityFrameworkCore.Relational" que n├úo puderam ser resolvidas. [C:\Users\felip\teste-itau\tests\CompraProgramada.IntegrationTests\CompraProgramada.IntegrationTests.csproj]
C:\Program Files\dotnet\sdk\8.0.418\Microsoft.Common.CurrentVersion.targets(2412,5): warning MSB3277: H├í um conflito entre "Microsoft.EntityFrameworkCore.Relational, Version=8.0.2.0, Culture=neutral, PublicKeyToken=adb9793829ddae60" e "Microsoft.EntityFrameworkCore.Relational, Version=8.0.11.0, Culture=neutral, PublicKeyToken=adb9793829ddae60". [C:\Users\felip\teste-itau\tests\CompraProgramada.IntegrationTests\CompraProgramada.IntegrationTests.csproj]
C:\Program Files\dotnet\sdk\8.0.418\Microsoft.Common.CurrentVersion.targets(2412,5): warning MSB3277:     "Microsoft.EntityFrameworkCore.Relational, Version=8.0.2.0, Culture=neutral, PublicKeyToken=adb9793829ddae60" foi escolhido porque era principal e "Microsoft.EntityFrameworkCore.Relational, Version=8.0.11.0, Culture=neutral, PublicKeyToken=adb9793829ddae60" n├úo era. [C:\Users\felip\teste-itau\tests\CompraProgramada.IntegrationTests\CompraProgramada.IntegrationTests.csproj]
C:\Program Files\dotnet\sdk\8.0.418\Microsoft.Common.CurrentVersion.targets(2412,5): warning MSB3277:     As refer├¬ncias depender├úo de "Microsoft.EntityFrameworkCore.Relational, Version=8.0.2.0, Culture=neutral, PublicKeyToken=adb9793829ddae60" [C:\Users\felip\.nuget\packages\microsoft.entityframeworkcore.relational\8.0.2\lib\net8.0\Microsoft.EntityFrameworkCore.Relational.dll]. [C:\Users\felip\teste-itau\tests\CompraProgramada.IntegrationTests\CompraProgramada.IntegrationTests.csproj]
C:\Program Files\dotnet\sdk\8.0.418\Microsoft.Common.CurrentVersion.targets(2412,5): warning MSB3277:         C:\Users\felip\.nuget\packages\microsoft.entityframeworkcore.relational\8.0.2\lib\net8.0\Microsoft.EntityFrameworkCore.Relational.dll [C:\Users\felip\teste-itau\tests\CompraProgramada.IntegrationTests\CompraProgramada.IntegrationTests.csproj]
C:\Program Files\dotnet\sdk\8.0.418\Microsoft.Common.CurrentVersion.targets(2412,5): warning MSB3277:           Inclus├Áes de itens do arquivo de projeto que geraram a refer├¬ncia"C:\Users\felip\.nuget\packages\microsoft.entityframeworkcore.relational\8.0.2\lib\net8.0\Microsoft.EntityFrameworkCore.Relational.dll". [C:\Users\felip\teste-itau\tests\CompraProgramada.IntegrationTests\CompraProgramada.IntegrationTests.csproj]
C:\Program Files\dotnet\sdk\8.0.418\Microsoft.Common.CurrentVersion.targets(2412,5): warning MSB3277:             C:\Users\felip\.nuget\packages\microsoft.entityframeworkcore.relational\8.0.2\lib\net8.0\Microsoft.EntityFrameworkCore.Relational.dll [C:\Users\felip\teste-itau\tests\CompraProgramada.IntegrationTests\CompraProgramada.IntegrationTests.csproj]
C:\Program Files\dotnet\sdk\8.0.418\Microsoft.Common.CurrentVersion.targets(2412,5): warning MSB3277:     Refer├¬ncias que dependem de ou foram unificadas para "Microsoft.EntityFrameworkCore.Relational, Version=8.0.11.0, Culture=neutral, PublicKeyToken=adb9793829ddae60" []. [C:\Users\felip\teste-itau\tests\CompraProgramada.IntegrationTests\CompraProgramada.IntegrationTests.csproj]
C:\Program Files\dotnet\sdk\8.0.418\Microsoft.Common.CurrentVersion.targets(2412,5): warning MSB3277:         C:\Users\felip\teste-itau\src\CompraProgramada.Api\bin\Debug\net8.0\CompraProgramada.Api.dll [C:\Users\felip\teste-itau\tests\CompraProgramada.IntegrationTests\CompraProgramada.IntegrationTests.csproj]
C:\Program Files\dotnet\sdk\8.0.418\Microsoft.Common.CurrentVersion.targets(2412,5): warning MSB3277:           Inclus├Áes de itens do arquivo de projeto que geraram a refer├¬ncia"C:\Users\felip\teste-itau\src\CompraProgramada.Api\bin\Debug\net8.0\CompraProgramada.Api.dll". [C:\Users\felip\teste-itau\tests\CompraProgramada.IntegrationTests\CompraProgramada.IntegrationTests.csproj]
C:\Program Files\dotnet\sdk\8.0.418\Microsoft.Common.CurrentVersion.targets(2412,5): warning MSB3277:             C:\Users\felip\teste-itau\src\CompraProgramada.Api\bin\Debug\net8.0\CompraProgramada.Api.dll [C:\Users\felip\teste-itau\tests\CompraProgramada.IntegrationTests\CompraProgramada.IntegrationTests.csproj]
C:\Program Files\dotnet\sdk\8.0.418\Microsoft.Common.CurrentVersion.targets(2412,5): warning MSB3277:         C:\Users\felip\teste-itau\src\CompraProgramada.Infrastructure\bin\Debug\net8.0\CompraProgramada.Infrastructure.dll [C:\Users\felip\teste-itau\tests\CompraProgramada.IntegrationTests\CompraProgramada.IntegrationTests.csproj]
C:\Program Files\dotnet\sdk\8.0.418\Microsoft.Common.CurrentVersion.targets(2412,5): warning MSB3277:           Inclus├Áes de itens do arquivo de projeto que geraram a refer├¬ncia"C:\Users\felip\teste-itau\src\CompraProgramada.Infrastructure\bin\Debug\net8.0\CompraProgramada.Infrastructure.dll". [C:\Users\felip\teste-itau\tests\CompraProgramada.IntegrationTests\CompraProgramada.IntegrationTests.csproj]
C:\Program Files\dotnet\sdk\8.0.418\Microsoft.Common.CurrentVersion.targets(2412,5): warning MSB3277:             C:\Users\felip\teste-itau\src\CompraProgramada.Infrastructure\bin\Debug\net8.0\CompraProgramada.Infrastructure.dll [C:\Users\felip\teste-itau\tests\CompraProgramada.IntegrationTests\CompraProgramada.IntegrationTests.csproj]
C:\Program Files\dotnet\sdk\8.0.418\Microsoft.Common.CurrentVersion.targets(2412,5): warning MSB3277:             C:\Users\felip\teste-itau\src\CompraProgramada.Api\bin\Debug\net8.0\CompraProgramada.Api.dll [C:\Users\felip\teste-itau\tests\CompraProgramada.IntegrationTests\CompraProgramada.IntegrationTests.csproj]
  CompraProgramada.IntegrationTests -> C:\Users\felip\teste-itau\tests\CompraProgramada.IntegrationTests\bin\Debug\net8.0\CompraProgramada.IntegrationTests.dll
Execu├º├úo de teste para C:\Users\felip\teste-itau\tests\CompraProgramada.IntegrationTests\bin\Debug\net8.0\CompraProgramada.IntegrationTests.dll (.NETCoreApp,Version=v8.0)
Vers├úo do VSTest 17.11.1 (x64)

Iniciando execu├º├úo de teste, espere...
1 arquivos de teste no total corresponderam ao padr├úo especificado.
dotnet : [xUnit.net 00:00:01.69]     CompraProgramada.IntegrationTests.PurchaseJourneyTests.Complete
PurchaseJourney_ShouldCreateClient_ConfigureBasket_AndDistributeAssets [FAIL]
No linha:1 caractere:145
+ ... h","User"); dotnet test tests/CompraProgramada.IntegrationTests/ > te ...
+                 ~~~~~~~~~~~~~~~~~~~~~~~~~~~~~~~~~~~~~~~~~~~~~~~~~~~~~~~~~
    + CategoryInfo          : NotSpecified: ([xUnit.net 00:0...teAssets [FAIL]:String) [], RemoteEx 
   ception
    + FullyQualifiedErrorId : NativeCommandError
 
  Com falha CompraProgramada.IntegrationTests.PurchaseJourneyTests.CompletePurchaseJourney_ShouldCreateClient_ConfigureBasket_AndDistributeAssets [1 s]
  Mensagem de erro:
   Expected disparoRes.IsSuccessStatusCode to be True, but found False.
  Rastreamento de pilha:
     at FluentAssertions.Execution.LateBoundTestFramework.Throw(String message)
   at FluentAssertions.Execution.DefaultAssertionStrategy.HandleFailure(String message)
   at FluentAssertions.Execution.AssertionScope.AddPreFormattedFailure(String formattedFailureMessage)
   at FluentAssertions.Execution.AssertionChain.FailWith(Func`1 getFailureReason)
   at FluentAssertions.Execution.AssertionChain.FailWith(Func`1 getFailureReason)
   at FluentAssertions.Execution.AssertionChain.FailWith(String message, Object[] args)
   at FluentAssertions.Primitives.BooleanAssertions`1.BeTrue(String because, Object[] becauseArgs)
   at CompraProgramada.IntegrationTests.PurchaseJourneyTests.CompletePurchaseJourney_ShouldCreateClient_ConfigureBasket_AndDistributeAssets() in C:\Users\felip\teste-itau\tests\CompraProgramada.IntegrationTests\PurchaseJourneyTests.cs:line 80
--- End of stack trace from previous location ---

Com falha! ÔÇô Com falha:     1, Aprovado:     1, Ignorado:     0, Total:     2, Dura├º├úo: 1 s - CompraProgramada.IntegrationTests.dll (net8.0)
